// Jest Snapshot v1, https://goo.gl/fbAQLP

exports[`LayoutPage snapshot should match 1`] = `
<div>
  <header
    className="header"
  >
    <h2
      className="logo"
    >
      Watchers
    </h2>
    <nav
      className="nav"
    >
      <ul
        className="list"
      >
        <li>
          <a
            aria-current={null}
            className="link"
            href="/movies"
            onClick={[Function]}
          >
            movies
          </a>
        </li>
        <li>
          <a
            aria-current={null}
            className="link"
            href="/series"
            onClick={[Function]}
          >
            series
          </a>
        </li>
        <li>
          <a
            aria-current={null}
            className="link"
            href="/likes"
            onClick={[Function]}
          >
            likes
          </a>
        </li>
        <li>
          <a
            aria-current={null}
            className="link"
            href="/watchlist"
            onClick={[Function]}
          >
            watchlist
          </a>
        </li>
        <li>
          <a
            aria-current={null}
            className="link"
            href="/account"
            onClick={[Function]}
          >
            account
          </a>
        </li>
      </ul>
    </nav>
  </header>
  <main
    className="main"
  >
    children
  </main>
</div>
`;
